=== isError
false
=== text
Package Boundary Analysis: $ZNARROW
Total dependencies: 2

--- VIOLATIONS (1) ---
  ✗ ZCL_NARROW → Z_GOLD_FM (CALLS, pkg: $ZOTHER) [FM:Z_GOLD_FM]

--- SUMMARY ---
  Standard (SAP):    0
  Same package:      0
  Whitelisted:       0
  Violations:        1
  Dynamic (warning): 0
  Unknown:           1

  Packages crossed:
    $ZOTHER — 1 refs

  ? INCONCLUSIVE — 1 of 2 references could not be attributed to a package, and an unattributed reference is one this cannot judge.
    unattributed: CLAS:ZCL_NARROW → FUGR:Z_LOST_FM (CALLS)
  ✗ 1 violation(s) in 1 object(s) among the references it could judge

=== requests
GET /sap/bc/adt/oo/classes/ZCL_NARROW/source/main
GET nodestructure $ZNARROW
SQL SELECT FUNCNAME, PNAME FROM TFDIR WHERE FUNCNAME IN ('Z_GOLD_FM')
SQL SELECT FUNCNAME, PNAME FROM TFDIR WHERE FUNCNAME IN ('Z_LOST_FM')
SQL SELECT obj_name, devclass FROM tadir WHERE pgmid = 'R3TR' AND object = 'FUGR' AND obj_name IN ('ZGOLD_FG')
SQL SELECT obj_name, devclass FROM tadir WHERE pgmid = 'R3TR' AND object = 'FUGR' AND obj_name IN ('ZLOST_FG')
SQL SELECT object, obj_name, devclass FROM tadir WHERE pgmid = 'R3TR' AND obj_name IN ('Z_GOLD_FM')
SQL SELECT object, obj_name, devclass FROM tadir WHERE pgmid = 'R3TR' AND obj_name IN ('Z_LOST_FM')
