=== isError
false
=== text
{
  "scope": {
    "kind": "package",
    "package": "$ZGOLD"
  },
  "summary": {
    "status": "BAD",
    "headline": "Unit tests are failing"
  },
  "signals": {
    "atc": {
      "status": "FINDINGS",
      "details": {
        "errors": 1,
        "findings": 4,
        "infos": 2,
        "warnings": 1
      }
    },
    "boundaries": {
      "status": "VIOLATIONS",
      "details": {
        "crossed_packages": {
          "$ZGOLD_SUB": 1,
          "$ZOTHER": 2
        },
        "scanned_objects": 3,
        "violating_objects": [
          "CLAS:ZCL_GOLD_A"
        ],
        "violations": 3
      },
      "unsearched": [
        {
          "object": "CLAS ZCL_GOLD_DENIED",
          "reason": "getting class source: ADT API error: status 403 at /sap/bc/adt/oo/classes/ZCL_GOLD_DENIED/source/main: No authorisation to display ZCL_GOLD_DENIED"
        }
      ],
      "note": "1 of 4 objects could not be searched, so this is not a complete answer:\n  CLAS ZCL_GOLD_DENIED: getting class source: ADT API error: status 403 at /sap/bc/adt/oo/classes/ZCL_GOLD_DENIED/source/main: No authorisation to display ZCL_GOLD_DENIED"
    },
    "staleness": {
      "status": "STALE",
      "details": {
        "age_days": N,
        "checked": 2,
        "last_changed": "2019-03-01T10:00:00Z"
      }
    },
    "tests": {
      "status": "FAIL",
      "details": {
        "alerts": 1,
        "classes": 1,
        "methods": 2,
        "test_classes_found": 1,
        "test_classes_run": 1,
        "test_classes_tried": 1
      }
    }
  },
  "notes": [
    "boundaries: 1 of 4 objects could not be searched, so this is not a complete answer:\n  CLAS ZCL_GOLD_DENIED: getting class source: ADT API error: status 403 at /sap/bc/adt/oo/classes/ZCL_GOLD_DENIED/source/main: No authorisation to display ZCL_GOLD_DENIED"
  ]
}
=== requests
GET /sap/bc/adt/oo/classes/ZCL_GOLD_A/includes/main/versions
GET /sap/bc/adt/oo/classes/ZCL_GOLD_A/source/main
GET /sap/bc/adt/oo/classes/ZCL_GOLD_DENIED/includes/main/versions
GET /sap/bc/adt/oo/classes/ZCL_GOLD_DENIED/source/main
GET /sap/bc/adt/oo/classes/ZCL_GOLD_TEST/includes/main/versions
GET /sap/bc/adt/oo/classes/ZCL_GOLD_TEST/source/main
GET /sap/bc/adt/oo/interfaces/ZIF_GOLD/includes/main/versions
GET /sap/bc/adt/oo/interfaces/ZIF_GOLD/source/main
GET atc/customizing
GET atc/worklists/WL1
GET nodestructure $ZGOLD
GET nodestructure $ZGOLD
GET nodestructure $ZGOLD
POST atc/runs /sap/bc/adt/packages/$zgold
POST atc/worklists
POST testruns /sap/bc/adt/oo/classes/zcl_gold_test
SQL SELECT FUNCNAME, PNAME FROM TFDIR WHERE FUNCNAME IN ('Z_GOLD_FM')
SQL SELECT FUNCNAME, PNAME FROM TFDIR WHERE FUNCNAME IN ('Z_LOST_FM')
SQL SELECT obj_name, devclass FROM tadir WHERE pgmid = 'R3TR' AND object = 'FUGR' AND obj_name IN ('ZGOLD_FG')
SQL SELECT obj_name, devclass FROM tadir WHERE pgmid = 'R3TR' AND object = 'FUGR' AND obj_name IN ('ZLOST_FG')
SQL SELECT object, obj_name, devclass FROM tadir WHERE pgmid = 'R3TR' AND obj_name IN ('ZCL_FOREIGN')
SQL SELECT object, obj_name, devclass FROM tadir WHERE pgmid = 'R3TR' AND obj_name IN ('ZGOLD_REPORT')
SQL SELECT object, obj_name, devclass FROM tadir WHERE pgmid = 'R3TR' AND obj_name IN ('ZGOLD_T')
SQL SELECT object, obj_name, devclass FROM tadir WHERE pgmid = 'R3TR' AND obj_name IN ('Z_GOLD_FM')
SQL SELECT object, obj_name, devclass FROM tadir WHERE pgmid = 'R3TR' AND obj_name IN ('Z_LOST_FM')
