=== isError
false
=== text
{
  "variable": "TVARVC:ZGOLD_VAR",
  "variable_name": "ZGOLD_VAR",
  "found": true,
  "readers": [
    {
      "node_id": "PROG:ZGOLD_REPORT",
      "name": "ZGOLD_REPORT",
      "type": "PROG",
      "package": "$ZGOLD_SUB",
      "confidence": "HIGH",
      "edge_count": 1
    },
    {
      "node_id": "PROG:ZGOLD_MISSING",
      "name": "ZGOLD_MISSING",
      "type": "PROG",
      "confidence": "MEDIUM",
      "edge_count": 1
    }
  ],
  "unsearched": [
    {
      "object": "WBCROSSGT (object-oriented code)",
      "reason": "WBCROSSGT: running query: ADT API error: status 500 at /sap/bc/adt/datapreview/freestyle: Data preview refused this query"
    },
    {
      "object": "PROG ZGOLD_MISSING",
      "reason": "Failed to read source: ADT API error: status 404 at /sap/bc/adt/programs/programs/zgold_missing/source/main: Resource does not exist"
    }
  ],
  "notes": [
    "2 of 3 objects could not be searched, so this is not a complete answer:\n  WBCROSSGT (object-oriented code): WBCROSSGT: running query: ADT API error: status 500 at /sap/bc/adt/datapreview/freestyle: Data preview refused this query\n  PROG ZGOLD_MISSING: Failed to read source: ADT API error: status 404 at /sap/bc/adt/programs/programs/zgold_missing/source/main: Resource does not exist"
  ]
}
=== requests
GET /sap/bc/adt/programs/programs/zgold_missing/source/main
GET /sap/bc/adt/programs/programs/zgold_report/source/main
SQL SELECT FUNCNAME, PNAME FROM TFDIR WHERE FUNCNAME IN ('ZGOLD_MISSING')
SQL SELECT FUNCNAME, PNAME FROM TFDIR WHERE FUNCNAME IN ('ZGOLD_VAR')
SQL SELECT INCLUDE FROM CROSS WHERE TYPE = 'S' AND NAME = 'TVARVC'
SQL SELECT INCLUDE FROM WBCROSSGT WHERE OTYPE = 'TY' AND NAME = 'TVARVC'
SQL SELECT object, obj_name, devclass FROM tadir WHERE pgmid = 'R3TR' AND obj_name IN ('ZGOLD_MISSING')
SQL SELECT object, obj_name, devclass FROM tadir WHERE pgmid = 'R3TR' AND obj_name IN ('ZGOLD_REPORT')
SQL SELECT object, obj_name, devclass FROM tadir WHERE pgmid = 'R3TR' AND obj_name IN ('ZGOLD_VAR')
